// Jest Snapshot v1, https://goo.gl/fbAQLP

exports[`ChatInput 初期表示の確認 ChatInput 1`] = `
<DocumentFragment>
  <form
    class="ChatInput__Form-sc-1obudsn-0 hCcKvs"
  >
    <input
      class="ChatInput__Input-sc-1obudsn-1 huRCKZ"
      data-testid="input"
      placeholder="みんなに褒めてもらいましょう(^^)"
      type="text"
      value=""
    />
    <button
      class="ChatInput__Button-sc-1obudsn-2 cGUHJr"
      data-testid="createButton"
    >
      投稿する
    </button>
  </form>
</DocumentFragment>
`;
